# Strategy Lab stable delivery map 0.4.6 client-aligned footprint calibration
# target|source|mode
LAB_README.md|channel/stable/files/LAB_README.md|raw
run_lab.bat|channel/stable/files/run_lab.bat|raw
lib/StrategyLab/LabUpdater.ahk|channel/stable/files/lib__StrategyLab__LabUpdater.ahk|raw
submacros/lab_update.ps1|channel/stable/files/submacros__lab_update.ps1|raw
submacros/lab_preflight.ps1|channel/stable/files/submacros__lab_preflight.ps1|raw
submacros/lab_watchdog_patch.ps1|channel/stable/files/submacros__lab_watchdog_patch.ps1|raw
submacros/lab_postrun_calibrate.ps1|channel/stable/files/submacros__lab_postrun_calibrate.ps1|raw
submacros/lab_syntax_probe.ps1|channel/stable/files/submacros__lab_syntax_probe.ps1|raw
lib/StrategyLab/StrategyEditorCore.ahk|channel/stable/files/lib__StrategyLab__StrategyEditorCore.ahk|raw
lib/StrategyLab/StrategyEditorTab.ahk|channel/stable/files/lib__StrategyLab__StrategyEditorTab.ahk|raw
lib/StrategyLab/StrategyEditorUi.ahk|channel/stable/files/lib__StrategyLab__StrategyEditorUi.ahk|raw
lib/StrategyLab/StrategyEditorPlacements.ahk|channel/stable/files/lib__StrategyLab__StrategyEditorPlacements.ahk|raw
lib/StrategyLab/StrategyEditorMaps046.ahk|channel/stable/files/lib__StrategyLab__StrategyEditorMaps046.ahk|raw
lib/StrategyLab/StrategyEditorSave.ahk|channel/stable/files/lib__StrategyLab__StrategyEditorSave.ahk|raw
lib/StrategyLab/LabEditorStability.ahk|channel/stable/files/lib__StrategyLab__LabEditorStability.ahk|raw
lib/StrategyLab/StrategyEditorInteraction.ahk|channel/stable/files/lib__StrategyLab__StrategyEditorInteraction.ahk|raw
lib/StrategyLab/StrategyEditorWorkspace.ahk|channel/stable/files/lib__StrategyLab__StrategyEditorWorkspace.ahk|raw
lib/StrategyLab/LabEditorHotfix044.ahk|channel/stable/files/lib__StrategyLab__LabEditorHotfix044.ahk|raw
lib/StrategyLab/StrategyCalibration.ahk|channel/stable/files/lib__StrategyLab__StrategyCalibration.ahk|raw
lib/StrategyLab/MapLibrary.ahk|channel/stable/files/lib__StrategyLab__MapLibrary.ahk|raw
lib/StrategyLab/LabAutoMapCapture.ahk|channel/stable/files/lib__StrategyLab__LabAutoMapCapture.ahk|raw
lib/StrategyLab/LabWatchdogBridge.ahk|channel/stable/files/lib__StrategyLab__LabWatchdogBridge.ahk|raw
lib/StrategyLab/TowerCatalog.ahk|channel/stable/files/lib__StrategyLab__TowerCatalog.ahk|raw
lib/StrategyLab/LabFootprintGeometry.ahk|channel/stable/files/lib__StrategyLab__LabFootprintGeometry.ahk|raw
lib/StrategyLab/LabRewardCatalog.ahk|channel/stable/files/lib__StrategyLab__LabRewardCatalog.ahk|raw
lib/StrategyLab/LabRewardTracker.ahk|channel/stable/files/lib__StrategyLab__LabRewardTracker.ahk|raw
lib/StrategyLab/LabStatsTab.ahk|channel/stable/files/lib__StrategyLab__LabStatsTab.ahk|raw
lib/StrategyLab/LabStrategyValidation.ahk|channel/stable/files/lib__StrategyLab__LabStrategyValidation.ahk|raw
lib/StrategyLab/LabSafety.ahk|channel/stable/files/lib__StrategyLab__LabSafety.ahk|raw
lib/StrategyLab/LabTelemetry.ahk|channel/stable/files/lib__StrategyLab__LabTelemetry.ahk|raw
lib/StrategyLab/LabRemoteGate.ahk|channel/stable/files/lib__StrategyLab__LabRemoteGate.ahk|raw
submacros/lab_calibration_worker.ahk|channel/stable/files/submacros__lab_calibration_worker.ahk|raw
submacros/lab_tower_assets.ps1|channel/stable/files/submacros__lab_tower_assets.ps1|raw
submacros/lab_reward_assets.ps1|channel/stable/files/submacros__lab_reward_assets.ps1|raw
submacros/lab_fingerprint.ps1|channel/stable/files/submacros__lab_fingerprint.ps1|raw
submacros/lab_discord_worker.ps1|channel/stable/files/submacros__lab_discord_worker.ps1|raw
submacros/lab_remote_settings.ps1|channel/stable/files/submacros__lab_remote_settings.ps1|raw
Resources/StrategyLab/Maps/catalog.ini|channel/stable/files/Resources__StrategyLab__Maps__catalog.ini|raw
Resources/StrategyLab/Towers/catalog.ini|channel/stable/files/Resources__StrategyLab__Towers__catalog.ini|raw
Resources/StrategyLab/Rewards/catalog.ini|channel/stable/files/Resources__StrategyLab__Rewards__catalog.ini|raw
Resources/StrategyLab/ATTRIBUTION.md|channel/stable/files/Resources__StrategyLab__ATTRIBUTION.md|raw
